  pch.cpp
  imgui_impl_opengl3.cpp
  imgui_impl_sdl2.cpp
  imgui.cpp
  imgui_demo.cpp
  imgui_draw.cpp
  imgui_tables.cpp
  imgui_widgets.cpp
  ImGuizmo.cpp
  LuaTest.cpp
  ScriptComponent.h
  AssetDatabase.cpp
  AssetImporter.cpp
  ConfigReader.cpp
  Allocator.cpp
  DummyAllocator.cpp
  EntityManager.cpp
  EditorConsole.cpp
  Engine.cpp
  FrustumCuller.cpp
  InputSystem.cpp
  JobSystem.cpp
  PhysicsSystem.cpp
  ProfilerOverlay.cpp
  Renderer.cpp
  ResourceManager.cpp
  SceneCullingDemo.cpp
  SceneNode.cpp
  ScriptSystem.cpp
  Shader.cpp
  AudioSystem.cpp
  Compiling...
  CameraControllerSystem.cpp
  PlayerControllerSystem.cpp
  RenderSystem.cpp
  ThreadPool.cpp
  Engine.vcxproj -> C:\Users\Lewis\source\repos\MiniEngine\x64\Release\Engine.lib
